CPU_CYCLES: igr= 0.4927576853207335
INSTRUCTIONS_RETIRED: igr= 0.2007259170533928
EXCEPTIONS_TAKEN: igr= 0.29423521129560337
INTEGER_LOAD_INSTRUCTIONS_RETIRED: igr= 0.16591091140631453
INTEGER_STORE_INSTRUCTIONS_RETIRED: igr= 0.2593427959386308
ATOMIC_MEMORY_INSTRUCTIONS_RETIRED: igr= 0.07817166028136849
SYSTEM_INSTRUCTIONS_RETIRED: igr= 0
INTEGER_ARITHMETIC_INSTRUCTIONS_RETIRED: igr= 0.18305408145508453
CONDITIONAL_BRANCHES_RETIRED: igr= 0.15882283760766447
JAL_INSTRUCTIONS_RETIRED: igr= 0.029850414610699143
JALR_INSTRUCTIONS_RETIRED: igr= 0.14827478389064574
INTEGER_MULTIPLICATION_INSTRUCTIONS_RETIRED: igr= 0.164220368555494
INTEGER_DIVISION_INSTRUCTIONS_RETIRED: igr= 0.39271152915134694
FLOATING_POINT_LOAD_INSTRUCTION_RETIRED: igr= 0.17635114743024066
FLOATING_POINT_STORE_INSTRUCTION_RETIRED: igr= 0.18030761943028234
FLOATING_POINT_FUSED_MULTIPLY_ADD_RETIRED: igr= 0.17067562852853424
ADDRESS_GENERATION_INTERLOCK: igr= 0.20286979346626224
LONG_LATENCY_INTERLOCK: igr= 0.0945187886628298
INSTRUCTION_CACHE_ITIM_BUSY: igr= 0.2060424208816302
DATA_CACHE_DTIM_BUSY: igr= 0.1428411463603769
BRANCH_DIRECTION_MISPREDICTION: igr= 0.08476251298675677
BRANCH_JUMP_TARGET_MISPREDICTION: igr= 0.08247160055906164
PIPELINE_FLUSH_FROM_CSR_WRITE: igr= 0.07599009756325177
FLOATING_POINT_INTERLOCK: igr= 0.1940159027280116
INSTRUCTION_CACHE_MISS: igr= 0
DATA_CACHE_MISS_OR_MEMORY_MAPPED_IO_ACCESS: igr= 0.1744363219745185
DATA_CACHE_WRITE_BACK: igr= 0.20000847812244046
L2_INNER_GET: igr= 0.06042193777899705
L2_INNER_PREFETCH_READ: igr= 0.05558186663698977
L2_INNER_ACQUIREBLOCK_NTOB: igr= 0.26755306491368946
L2_INNER_ACQUIREBLOCK_NTOT: igr= 0.21542672409045424
L2_INNER_ACQUIREBLOCK_BTOT: igr= 0.031189362541151094
L2_INNER_RELEASE_TTON: igr= 0.18550699822878794
L2_INNER_RELEASE_BTON: igr= 0.10577369339189373
L2_INNER_RELEASEDATA_TTON: igr= 0.28409740818841317
L2_INNER_GET_HIT_L2: igr= 0.08674887709272888
L2_INNER_PREFETCH_HIT_L2: igr= 0.18731385626312988
L2_INNER_ACQUIREBLOCK_HIT_L2: igr= 0.12834606969211876
L2_INNER_RELEASE_HIT_L2: igr= 0.20519440253436416
L2_INNER_RELEASEDATA_HIT_L2: igr= 0.28273505535624527
L2_OUTER_ACQUIREBLOCK_NTOB_L2_MISS: igr= 0.2511931192910355
L2_OUTER_ACQUIREBLOCK_NTOT_L2_MISS: igr= 0.22169168860264546
L2_OUTER_RELEASE_TON_EVICTION: igr= 0.27223077001388746
L2_OUTER_RELEASEDATA_TTON_DIRTY_EVICTION: igr= 0.2664367470957883
L2_INNER_PROBEBLOCK_TOB_LOAD_MISS: igr= 0.023804600356133094
L2_INNER_PROBEBLOCK_TON_STORE_MISS: igr= 0.13410215815852444
L2_DEMAND_MISS_HIT_MSHR_ALLOC_HINT: igr= 0.2032676941790218
=============== Ordered ================
['CPU_CYCLES', np.float64(0.4927576853207335)]
['INTEGER_DIVISION_INSTRUCTIONS_RETIRED', np.float64(0.39271152915134694)]
['EXCEPTIONS_TAKEN', np.float64(0.29423521129560337)]
['L2_INNER_RELEASEDATA_TTON', np.float64(0.28409740818841317)]
['L2_INNER_RELEASEDATA_HIT_L2', np.float64(0.28273505535624527)]
['L2_OUTER_RELEASE_TON_EVICTION', np.float64(0.27223077001388746)]
['L2_INNER_ACQUIREBLOCK_NTOB', np.float64(0.26755306491368946)]
['L2_OUTER_RELEASEDATA_TTON_DIRTY_EVICTION', np.float64(0.2664367470957883)]
['INTEGER_STORE_INSTRUCTIONS_RETIRED', np.float64(0.2593427959386308)]
['L2_OUTER_ACQUIREBLOCK_NTOB_L2_MISS', np.float64(0.2511931192910355)]
['L2_OUTER_ACQUIREBLOCK_NTOT_L2_MISS', np.float64(0.22169168860264546)]
['L2_INNER_ACQUIREBLOCK_NTOT', np.float64(0.21542672409045424)]
['INSTRUCTION_CACHE_ITIM_BUSY', np.float64(0.2060424208816302)]
['L2_INNER_RELEASE_HIT_L2', np.float64(0.20519440253436416)]
['L2_DEMAND_MISS_HIT_MSHR_ALLOC_HINT', np.float64(0.2032676941790218)]
['ADDRESS_GENERATION_INTERLOCK', np.float64(0.20286979346626224)]
['INSTRUCTIONS_RETIRED', np.float64(0.2007259170533928)]
['DATA_CACHE_WRITE_BACK', np.float64(0.20000847812244046)]
['FLOATING_POINT_INTERLOCK', np.float64(0.1940159027280116)]
['L2_INNER_PREFETCH_HIT_L2', np.float64(0.18731385626312988)]
['L2_INNER_RELEASE_TTON', np.float64(0.18550699822878794)]
['INTEGER_ARITHMETIC_INSTRUCTIONS_RETIRED', np.float64(0.18305408145508453)]
['FLOATING_POINT_STORE_INSTRUCTION_RETIRED', np.float64(0.18030761943028234)]
['FLOATING_POINT_LOAD_INSTRUCTION_RETIRED', np.float64(0.17635114743024066)]
['DATA_CACHE_MISS_OR_MEMORY_MAPPED_IO_ACCESS', np.float64(0.1744363219745185)]
['FLOATING_POINT_FUSED_MULTIPLY_ADD_RETIRED', np.float64(0.17067562852853424)]
['INTEGER_LOAD_INSTRUCTIONS_RETIRED', np.float64(0.16591091140631453)]
['INTEGER_MULTIPLICATION_INSTRUCTIONS_RETIRED', np.float64(0.164220368555494)]
['CONDITIONAL_BRANCHES_RETIRED', np.float64(0.15882283760766447)]
['JALR_INSTRUCTIONS_RETIRED', np.float64(0.14827478389064574)]
['DATA_CACHE_DTIM_BUSY', np.float64(0.1428411463603769)]
['L2_INNER_PROBEBLOCK_TON_STORE_MISS', np.float64(0.13410215815852444)]
['L2_INNER_ACQUIREBLOCK_HIT_L2', np.float64(0.12834606969211876)]
['L2_INNER_RELEASE_BTON', np.float64(0.10577369339189373)]
['LONG_LATENCY_INTERLOCK', np.float64(0.0945187886628298)]
['L2_INNER_GET_HIT_L2', np.float64(0.08674887709272888)]
['BRANCH_DIRECTION_MISPREDICTION', np.float64(0.08476251298675677)]
['BRANCH_JUMP_TARGET_MISPREDICTION', np.float64(0.08247160055906164)]
['ATOMIC_MEMORY_INSTRUCTIONS_RETIRED', np.float64(0.07817166028136849)]
['PIPELINE_FLUSH_FROM_CSR_WRITE', np.float64(0.07599009756325177)]
['L2_INNER_GET', np.float64(0.06042193777899705)]
['L2_INNER_PREFETCH_READ', np.float64(0.05558186663698977)]
['L2_INNER_ACQUIREBLOCK_BTOT', np.float64(0.031189362541151094)]
['JAL_INSTRUCTIONS_RETIRED', np.float64(0.029850414610699143)]
['L2_INNER_PROBEBLOCK_TOB_LOAD_MISS', np.float64(0.023804600356133094)]
